audit: type=1400 audit(0.001:1): apparmor="ALLOWED" operation="mknod" class="file" profile="managed-labwc-managed-wayland-compat-app//managed-wayland-compat-app-bwrap" name="/run/user/1000/server-99.xkm" comm="Xwayland" requested_mask="c" denied_mask="c" fsuid=1000 ouid=1000
audit: type=1400 audit(0.002:2): apparmor="ALLOWED" operation="open" class="file" profile="managed-labwc-managed-wayland-compat-app//managed-wayland-compat-app-bwrap" name="/run/user/1000/server-99.xkm" comm="Xwayland" requested_mask="r" denied_mask="r" fsuid=1000 ouid=1000
audit: type=1400 audit(0.003:3): apparmor="ALLOWED" operation="open" class="file" profile="managed-labwc-managed-wayland-compat-app//managed-wayland-compat-app-bwrap" name="/run/user/1000/server-99.xkm" comm="Xwayland" requested_mask="wc" denied_mask="wc" fsuid=1000 ouid=1000
audit: type=1400 audit(0.004:4): apparmor="ALLOWED" operation="unlink" class="file" profile="managed-labwc-managed-wayland-compat-app//managed-wayland-compat-app-bwrap" name="/run/user/1000/server-99.xkm" comm="Xwayland" requested_mask="d" denied_mask="d" fsuid=1000 ouid=1000
audit: type=1400 audit(0.005:5): apparmor="ALLOWED" operation="mknod" class="file" profile="managed-labwc-managed-wayland-compat-app//managed-wayland-compat-app-bwrap" name="/home/tester/.config/zoom.conf.lock" comm="zoom" requested_mask="c" denied_mask="c" fsuid=1000 ouid=1000
audit: type=1400 audit(0.006:6): apparmor="ALLOWED" operation="open" class="file" profile="managed-labwc-managed-wayland-compat-app//managed-wayland-compat-app-bwrap" name="/home/tester/.config/zoom.conf" comm="zoom" requested_mask="r" denied_mask="r" fsuid=1000 ouid=1000
audit: type=1400 audit(0.007:7): apparmor="ALLOWED" operation="open" class="file" profile="managed-labwc-managed-wayland-compat-app//managed-wayland-compat-app-bwrap" name="/home/tester/.config/zoom.conf.lock" comm="zoom" requested_mask="wrc" denied_mask="wrc" fsuid=1000 ouid=1000
audit: type=1400 audit(0.008:8): apparmor="ALLOWED" operation="file_lock" class="file" profile="managed-labwc-managed-wayland-compat-app//managed-wayland-compat-app-bwrap" name="/home/tester/.config/zoom.conf.lock" comm="zoom" requested_mask="wk" denied_mask="wk" fsuid=1000 ouid=1000
audit: type=1400 audit(0.009:9): apparmor="ALLOWED" operation="link" class="file" profile="managed-labwc-managed-wayland-compat-app//managed-wayland-compat-app-bwrap" name="/home/tester/.config/zoom.conf.tmp" comm="zoom" requested_mask="l" denied_mask="l" fsuid=1000 ouid=1000
audit: type=1400 audit(0.010:10): apparmor="ALLOWED" operation="chmod" class="file" profile="managed-labwc-managed-wayland-compat-app//managed-wayland-compat-app-bwrap" name="/home/tester/.config/zoom.conf" comm="zoom" requested_mask="w" denied_mask="w" fsuid=1000 ouid=1000
audit: type=1400 audit(0.011:11): apparmor="ALLOWED" operation="unlink" class="file" profile="managed-labwc-managed-wayland-compat-app//managed-wayland-compat-app-bwrap" name="/home/tester/.config/zoom.conf.lock" comm="zoom" requested_mask="d" denied_mask="d" fsuid=1000 ouid=1000
audit: type=1400 audit(0.012:12): apparmor="ALLOWED" operation="rename_src" class="file" profile="managed-labwc-managed-wayland-compat-app//managed-wayland-compat-app-bwrap" name="/home/tester/.config/zoom.conf.tmp" comm="zoom" requested_mask="wrd" denied_mask="wrd" fsuid=1000 ouid=1000
audit: type=1400 audit(0.013:13): apparmor="ALLOWED" operation="rename_dest" class="file" profile="managed-labwc-managed-wayland-compat-app//managed-wayland-compat-app-bwrap" name="/home/tester/.config/zoom.conf" comm="zoom" requested_mask="wc" denied_mask="wc" fsuid=1000 ouid=1000
audit: type=1400 audit(0.014:14): apparmor="ALLOWED" operation="exec" class="file" profile="managed-labwc-managed-wayland-compat-app//managed-wayland-compat-app-bwrap" name="/usr/bin/gsettings" target="managed-labwc-managed-wayland-compat-app//managed-wayland-compat-app-bwrap//null-/usr/bin/gsettings" comm="zoom" requested_mask="x" denied_mask="x"
audit: type=1400 audit(0.015:15): apparmor="ALLOWED" operation="exec" class="file" profile="managed-labwc-managed-wayland-compat-app//managed-wayland-compat-app-bwrap" name="/usr/bin/ip" target="managed-labwc-managed-wayland-compat-app//managed-wayland-compat-app-bwrap//null-/usr/bin/ip" info="no new privs" comm="zoom" requested_mask="x" denied_mask="x"
audit: type=1400 audit(0.016:16): apparmor="ALLOWED" operation="exec" class="file" profile="managed-labwc-managed-wayland-compat-app//managed-wayland-compat-app-bwrap" name="/usr/sbin/ip" target="managed-labwc-managed-wayland-compat-app//managed-wayland-compat-app-bwrap//null-/usr/bin/ip" info="no new privs" comm="zoom" requested_mask="x" denied_mask="x"
audit: type=1400 audit(0.017:17): apparmor="ALLOWED" operation="exec" class="file" profile="managed-labwc-managed-wayland-compat-app//managed-wayland-compat-app-bwrap" name="/usr/bin/ls" target="managed-labwc-managed-wayland-compat-app//managed-wayland-compat-app-bwrap//null-/usr/bin/ls" comm="zoom" requested_mask="x" denied_mask="x"
audit: type=1400 audit(0.018:18): apparmor="ALLOWED" operation="exec" class="file" profile="managed-labwc-managed-wayland-compat-app//managed-wayland-compat-app-bwrap" name="/usr/bin/lscpu" target="managed-labwc-managed-wayland-compat-app//managed-wayland-compat-app-bwrap//null-/usr/bin/lscpu" info="no new privs" comm="zoom" requested_mask="x" denied_mask="x"
audit: type=1400 audit(0.019:19): apparmor="ALLOWED" operation="exec" class="file" profile="managed-labwc-managed-wayland-compat-app//managed-wayland-compat-app-bwrap" name="/usr/bin/lspci" target="managed-labwc-managed-wayland-compat-app//managed-wayland-compat-app-bwrap//null-/usr/bin/lspci" comm="zoom" requested_mask="x" denied_mask="x"
audit: type=1400 audit(0.020:20): apparmor="ALLOWED" operation="exec" class="file" profile="managed-labwc-managed-wayland-compat-app//managed-wayland-compat-app-bwrap" name="/usr/bin/pgrep" target="managed-labwc-managed-wayland-compat-app//managed-wayland-compat-app-bwrap//null-/usr/bin/pgrep" info="no new privs" comm="zoom" requested_mask="x" denied_mask="x"
audit: type=1400 audit(0.021:21): apparmor="ALLOWED" operation="exec" class="file" profile="managed-labwc-managed-wayland-compat-app//managed-wayland-compat-app-bwrap" name="/usr/bin/pidof" target="managed-labwc-managed-wayland-compat-app//managed-wayland-compat-app-bwrap//null-/usr/sbin/killall5" info="no new privs" comm="zoom" requested_mask="x" denied_mask="x"
audit: type=1400 audit(0.022:22): apparmor="ALLOWED" operation="exec" class="file" profile="managed-labwc-managed-wayland-compat-app//managed-wayland-compat-app-bwrap" name="/usr/sbin/killall5" target="managed-labwc-managed-wayland-compat-app//managed-wayland-compat-app-bwrap//null-/usr/sbin/killall5" comm="zoom" requested_mask="x" denied_mask="x"
audit: type=1400 audit(0.023:23): apparmor="ALLOWED" operation="exec" class="file" profile="managed-labwc-managed-wayland-compat-app//managed-wayland-compat-app-bwrap" name="/usr/bin/pipewire" target="managed-labwc-managed-wayland-compat-app//managed-wayland-compat-app-bwrap//null-/usr/bin/pipewire" info="no new privs" comm="zoom" requested_mask="x" denied_mask="x"
audit: type=1400 audit(0.024:24): apparmor="ALLOWED" operation="exec" class="file" profile="managed-labwc-managed-wayland-compat-app//managed-wayland-compat-app-bwrap" name="/usr/libexec/xdg-desktop-portal" target="managed-labwc-managed-wayland-compat-app//managed-wayland-compat-app-bwrap//null-/usr/libexec/xdg-desktop-portal" comm="zoom" requested_mask="x" denied_mask="x"
audit: type=1400 audit(0.025:25): apparmor="ALLOWED" operation="open" class="file" profile="managed-labwc-managed-wayland-compat-app//managed-wayland-compat-app-bwrap" name="/usr/share/iproute2/group" comm="ip" requested_mask="r" denied_mask="r"
audit: type=1400 audit(0.026:26): apparmor="ALLOWED" operation="open" class="file" profile="managed-labwc-managed-wayland-compat-app//managed-wayland-compat-app-bwrap" name="/proc/bus/pci/devices" comm="lspci" requested_mask="r" denied_mask="r"
audit: type=1400 audit(0.027:27): apparmor="ALLOWED" operation="open" class="file" profile="managed-labwc-managed-wayland-compat-app//managed-wayland-compat-app-bwrap" name="/usr/share/misc/pci.ids" comm="lspci" requested_mask="r" denied_mask="r"
audit: type=1400 audit(0.028:28): apparmor="ALLOWED" operation="open" class="file" profile="managed-labwc-managed-wayland-compat-app//managed-wayland-compat-app-bwrap" name="/usr/share/xdg-desktop-portal/portals/" comm="xdg-desktop-portal" requested_mask="r" denied_mask="r"
audit: type=1400 audit(0.029:29): apparmor="ALLOWED" operation="mkdir" class="file" profile="managed-labwc-managed-wayland-compat-app//managed-wayland-compat-app-bwrap" name="/home/tester/.cache/qtshadercache-x86_64-little_endian-lp64/" comm="zoom" requested_mask="c" denied_mask="c" fsuid=1000 ouid=1000
audit: type=1400 audit(0.030:30): apparmor="ALLOWED" operation="open" class="file" profile="managed-labwc-managed-wayland-compat-app//managed-wayland-compat-app-bwrap" name="/sys/kernel/cpu_byteorder" comm="lscpu" requested_mask="r" denied_mask="r"
audit: type=1400 audit(0.031:31): apparmor="ALLOWED" operation="open" class="file" profile="managed-labwc-managed-wayland-compat-app//managed-wayland-compat-app-bwrap" name="/sys/devices/system/cpu/hotplug/states" comm="lscpu" requested_mask="r" denied_mask="r"
audit: type=1400 audit(0.032:32): apparmor="ALLOWED" operation="open" class="file" profile="managed-labwc-managed-wayland-compat-app//managed-wayland-compat-app-bwrap" name="/sys/devices/system/cpu/vulnerabilities/" comm="lscpu" requested_mask="r" denied_mask="r"
audit: type=1400 audit(0.033:33): apparmor="ALLOWED" operation="open" class="file" profile="managed-labwc-managed-wayland-compat-app//managed-wayland-compat-app-bwrap" name="/sys/devices/system/cpu/vulnerabilities/spectre_v2" comm="lscpu" requested_mask="r" denied_mask="r"
audit: type=1400 audit(0.034:34): apparmor="ALLOWED" operation="open" class="file" profile="managed-labwc-managed-wayland-compat-app//managed-wayland-compat-app-bwrap" name="/sys/devices/system/cpu/cpu0/hotplug/state" comm="lscpu" requested_mask="r" denied_mask="r"
audit: type=1400 audit(0.035:35): apparmor="ALLOWED" operation="open" class="file" profile="managed-labwc-managed-wayland-compat-app//managed-wayland-compat-app-bwrap" name="/sys/devices/system/cpu/cpu0/topology/core_id" comm="lscpu" requested_mask="r" denied_mask="r"
audit: type=1400 audit(0.036:36): apparmor="ALLOWED" operation="open" class="file" profile="managed-labwc-managed-wayland-compat-app//managed-wayland-compat-app-bwrap" name="/sys/devices/system/cpu/cpu0/cache/index0/type" comm="lscpu" requested_mask="r" denied_mask="r"
audit: type=1400 audit(0.037:37): apparmor="ALLOWED" operation="open" class="file" profile="managed-labwc-managed-wayland-compat-app//managed-wayland-compat-app-bwrap" name="/sys/devices/system/cpu/cpufreq/policy0/cpuinfo_min_freq" comm="lscpu" requested_mask="r" denied_mask="r"
audit: type=1400 audit(0.038:38): apparmor="ALLOWED" operation="open" class="file" profile="managed-labwc-managed-wayland-compat-app//managed-wayland-compat-app-bwrap" name="/sys/devices/platform/USBC000:00/power_supply/ucsi-source-psy-USBC000:001/online" comm="zoom" requested_mask="r" denied_mask="r"
